slot var: frame 6, reference 21 bits, golden nf 45 bits, must-mask 0b00001001
  reference: cont list1 (list1 list1 list1)
  canary: reference reproduces the golden normal form (PASS)

size       naive(frame)       pruned(must)   ratio
   2                  1                  0       -
   3                  1                  0       -
   4                  2                  0       -
   5                  2                  0       -
   6                  4                  0       -
   7                  5                  0       -
   8                  9                  0       -
   9                 13                  2      6x
  10                 26                  0       -
  11                 39                  0       -
  12                 74                  4     18x
  13                120                  8     15x
  14                226                 12     19x
  15                380                 30     13x
  16                710                 36     20x
  17               1230                100     12x
  18               2289                178     13x
  19               4051                336     12x
  20               7525                654     12x
  21              13525               1312     10x
 sum              30232               2672     11x

threads 9, rung1 beta 256 trans 16384, rung2 beta 4096 trans 262144

size         candidates       mismatch    diverge   unknown survivors       time_s
   9                  2              2          0         0         0         0.00   esc [0, 0, 0, 0]
  12                  4              4          0         0         0         0.00   esc [0, 0, 0, 0]
  13                  8              8          0         0         0         0.00   esc [0, 0, 0, 0]
  14                 12             12          0         0         0         0.00   esc [0, 0, 0, 0]
  15                 30             30          0         0         0         0.00   esc [0, 0, 0, 0]
  16                 36             36          0         0         0         0.00   esc [0, 0, 0, 0]
  17                100            100          0         0         0         0.00   esc [0, 0, 0, 0]
  18                178            178          0         0         0         0.00   esc [0, 0, 0, 0]
  19                336            336          0         0         0         0.00   esc [0, 0, 0, 0]
  20                654            654          0         0         0         0.00   esc [0, 0, 0, 0]
  21               1312           1311          0         0         1         0.00   esc [0, 0, 0, 0]
     SURVIVOR  21 bits  010111110100101101010   cont list1 (list1 list1 list1)

total 2672 candidates in 0.0s: 2671 mismatch, 0 proved divergent, 0 unknown, 1 survivors
VERDICT: the reference var slot is exhaustively optimal at <= 21 bits (1 survivor(s) at 21 bits, no residual unknowns)
