slot app: frame 8, reference 41 bits, golden nf 71 bits, must-mask 0b01100001
  reference: intL (\p . cont (\q . exp q (p q)))
  canary: reference reproduces the golden normal form (PASS)

size       naive(frame)       pruned(must)   ratio
   2                  1                  0       -
   3                  1                  0       -
   4                  2                  0       -
   5                  2                  0       -
   6                  4                  0       -
   7                  5                  0       -
   8                 10                  0       -
   9                 14                  0       -
  10                 26                  0       -
  11                 40                  0       -
  12                 77                  0       -
  13                124                  0       -
  14                233                  0       -
  15                393                  0       -
  16                734                  0       -
  17               1273                  0       -
  18               2369                  0       -
  19               4197                  0       -
  20               7799                  0       -
  21              14032                 12   1169x
  22              26085                  0       -
  23              47476                  0       -
  24              88365                 36   2455x
  25             162246                 72   2253x
  26             302548                132   2292x
  27             559305                312   1793x
  28            1045173                468   2233x
  29            1942641               1192   1630x
  30            3638332               2376   1531x
  31            6792235               4788   1419x
  32           12749300               9980   1277x
  33           23887608              20092   1189x
  34           44934405              39132   1148x
  35           84448812              80744   1046x
  36          159178745             160216    994x
  37          299942090             323152    928x
  38          566447633             644028    880x
  39         1069796925            1282504    834x
  40         2023941986            2550928    793x
  41         3830104453            5080408    754x
 sum         8130067699           10200572    797x

threads 9, rung1 beta 256 trans 16384, rung2 beta 4096 trans 262144

size         candidates       mismatch    diverge   unknown survivors       time_s
  21                 12             12          0         0         0         0.00   esc [0, 0, 0, 0]
  24                 36             36          0         0         0         0.00   esc [0, 0, 0, 0]
  25                 72             72          0         0         0         0.00   esc [0, 0, 0, 0]
  26                132            132          0         0         0         0.00   esc [0, 0, 0, 0]
  27                312            312          0         0         0         0.00   esc [0, 0, 0, 0]
  28                468            468          0         0         0         0.00   esc [0, 0, 0, 0]
  29               1192           1192          0         0         0         0.00   esc [0, 0, 0, 0]
  30               2376           2376          0         0         0         0.00   esc [0, 0, 0, 0]
  31               4788           4788          0         0         0         0.00   esc [0, 0, 0, 0]
  32               9980           9980          0         0         0         0.00   esc [0, 0, 0, 0]
  33              20092          20092          0         0         0         0.00   esc [0, 0, 0, 0]
  34              39132          39132          0         0         0         0.00   esc [0, 0, 0, 0]
  35              80744          80744          0         0         0         0.00   esc [0, 0, 0, 0]
  36             160216         160216          0         0         0         0.00   esc [0, 0, 0, 0]
  37             323152         323152          0         0         0         0.01   esc [0, 0, 0, 0]
  38             644028         644028          0         0         0         0.01   esc [0, 0, 0, 0]
  39            1282504        1282504          0         0         0         0.03   esc [0, 0, 0, 0]
  40            2550928        2550928          0         0         0         0.05   esc [0, 0, 0, 0]
  41            5080408        5080373         34         0         1         0.11   esc [34, 4, 4, 0]
     SURVIVOR  41 bits  01111111100001111111100001011110100111010   intL (\p . cont (\q . exp q (p q)))

total 10200572 candidates in 0.2s: 10200537 mismatch, 34 proved divergent, 0 unknown, 1 survivors
VERDICT: the reference app slot is exhaustively optimal at <= 41 bits (1 survivor(s) at 41 bits, no residual unknowns)
