slot abs: frame 8, reference 43 bits, golden nf 73 bits, must-mask 0b00100001
  reference: cont (\p q . exp (\r s . r q (s p)))
  canary: reference reproduces the golden normal form (PASS)

size       naive(frame)       pruned(must)   ratio
   2                  1                  0       -
   3                  1                  0       -
   4                  2                  0       -
   5                  2                  0       -
   6                  4                  0       -
   7                  5                  0       -
   8                 10                  0       -
   9                 14                  0       -
  10                 26                  0       -
  11                 40                  2     20x
  12                 77                  0       -
  13                124                  0       -
  14                233                  4     58x
  15                393                  8     49x
  16                734                 12     61x
  17               1273                 30     42x
  18               2369                 42     56x
  19               4197                100     42x
  20               7799                172     45x
  21              14032                366     38x
  22              26085                702     37x
  23              47476               1360     35x
  24              88365               2490     35x
  25             162246               5066     32x
  26             302548               9488     32x
  27             559305              18736     30x
  28            1045173              35608     29x
  29            1942641              69436     28x
  30            3638332             132592     27x
  31            6792235             258126     26x
  32           12749300             494520     26x
  33           23887608             960746     25x
  34           44934405            1844202     24x
  35           84448812            3573494     24x
  36          159178745            6876626     23x
  37          299942090           13307950     23x
  38          566447633           25641170     22x
  39         1069796925           49605712     22x
  40         2023941986           95657166     21x
  41         3830104453          184983838     21x
  42         7258153650          357006208     20x
  43        13759857633          690327756     20x
 sum        29148078982         1430813728     20x

threads 9, rung1 beta 256 trans 16384, rung2 beta 4096 trans 262144

size         candidates       mismatch    diverge   unknown survivors       time_s
  11                  2              2          0         0         0         0.00   esc [0, 0, 0, 0]
  14                  4              4          0         0         0         0.00   esc [0, 0, 0, 0]
  15                  8              8          0         0         0         0.00   esc [0, 0, 0, 0]
  16                 12             12          0         0         0         0.00   esc [0, 0, 0, 0]
  17                 30             30          0         0         0         0.00   esc [0, 0, 0, 0]
  18                 42             42          0         0         0         0.00   esc [0, 0, 0, 0]
  19                100            100          0         0         0         0.00   esc [0, 0, 0, 0]
  20                172            172          0         0         0         0.00   esc [0, 0, 0, 0]
  21                366            366          0         0         0         0.00   esc [0, 0, 0, 0]
  22                702            702          0         0         0         0.00   esc [0, 0, 0, 0]
  23               1360           1360          0         0         0         0.00   esc [0, 0, 0, 0]
  24               2490           2490          0         0         0         0.00   esc [0, 0, 0, 0]
  25               5066           5066          0         0         0         0.00   esc [0, 0, 0, 0]
  26               9488           9488          0         0         0         0.00   esc [0, 0, 0, 0]
  27              18736          18736          0         0         0         0.00   esc [0, 0, 0, 0]
  28              35608          35608          0         0         0         0.00   esc [0, 0, 0, 0]
  29              69436          69436          0         0         0         0.00   esc [0, 0, 0, 0]
  30             132592         132592          0         0         0         0.00   esc [0, 0, 0, 0]
  31             258126         258121          5         0         0         0.01   esc [5, 1, 1, 0]
  32             494520         494514          6         0         0         0.01   esc [6, 2, 2, 0]
  33             960746         960719         27         0         0         0.02   esc [27, 17, 17, 0]
  34            1844202        1844183         19         0         0         0.03   esc [19, 11, 11, 0]
  35            3573494        3573395         99         0         0         0.06   esc [99, 54, 54, 0]
  36            6876626        6876414        212         0         0         0.12   esc [212, 116, 116, 0]
  37           13307950       13307377        573         0         0         0.24   esc [573, 306, 306, 0]
  38           25641170       25640279        891         0         0         0.49   esc [891, 552, 552, 0]
  39           49605712       49603123       2589         0         0         1.01   esc [2589, 1682, 1682, 0]
  40           95657166       95652229       4937         0         0         2.00   esc [4937, 3121, 3121, 0]
  41          184983838      184972744      11094         0         0         4.05   esc [11094, 6946, 6946, 0]
  42          357006208      356984248      21960         0         0         7.76   esc [21960, 14647, 14647, 0]
  43          690327756      690276465      51290         0         1        16.19   esc [51290, 34462, 34462, 0]
     SURVIVOR  43 bits  0111111100000011110000001011101110011011110   cont (\p q . exp (\r s . r q (s p)))

total 1430813728 candidates in 32.0s: 1430720025 mismatch, 93702 proved divergent, 0 unknown, 1 survivors
VERDICT: the reference abs slot is exhaustively optimal at <= 43 bits (1 survivor(s) at 43 bits, no residual unknowns)
